<?xml version="1.0" encoding="utf-8" ?>
<dataset>
    <example_resource name="name1" />
</dataset>